dnsmill.testResult[*libdb.so/dnsmill.Profile]{Error: &errors.errorString{
	s: `error unmarshaling JSON: while decoding JSON: failed to parse domain libdb.so JSON: expected a single map key, got 2: ["cname" "hosts"]`,
}}
